// Jest Snapshot v1, https://goo.gl/fbAQLP

exports[`COMPONENT - SettingsPanel Header renders correctly 1`] = `
.c0 {
  height: 6rem;
  width: 100%;
  display: -webkit-box;
  display: -webkit-flex;
  display: -ms-flexbox;
  display: flex;
  -webkit-box-pack: justify;
  -webkit-justify-content: space-between;
  -ms-flex-pack: justify;
  justify-content: space-between;
  -webkit-align-items: center;
  -webkit-box-align: center;
  -ms-flex-align: center;
  align-items: center;
  padding: 0 1rem 0 2rem;
}

<header
  className="c0"
/>
`;
