// Jest Snapshot v1, https://goo.gl/fbAQLP

exports[`COMPONENT - QuoteBubble CopyNotification renders correctly 1`] = `
.c0 {
  position: absolute;
  top: 1.4rem;
  left: 1.4rem;
  -webkit-transform-origin: 50% 100%;
  -ms-transform-origin: 50% 100%;
  transform-origin: 50% 100%;
  z-index: 20;
}

<div
  className="c0"
  data-testid="copy-notification"
  style={
    Object {
      "opacity": 1,
      "transform": "translateY(0px) scale(1)",
    }
  }
>
  <svg
    height="16"
    viewBox="0 0 17 16"
    width="17"
    xmlns="http://www.w3.org/2000/svg"
  >
    <path
      d="M11 0H6C3.794 0 2 1.794 2 4v8c0 2.206 1.794 4 4 4h5c2.206 0 4-1.794 4-4V4c0-2.206-1.794-4-4-4zm2 12c0 1.1-.9 2-2 2H6c-1.1 0-2-.9-2-2V4a2 2 0 0 1 2-2h5c1.1 0 2 .9 2 2v8z"
      fill="#ccc"
    />
    <path
      d="M6.55 13.011L.03 7.173l1.334-1.49 5.03 4.504L15.497.017l1.49 1.334z"
      fill="#21c230"
    />
  </svg>
</div>
`;
