// Jest Snapshot v1, https://goo.gl/fbAQLP

exports[`COMPONENT - QuoteBubble renders correctly 1`] = `
.c0 {
  position: absolute;
  bottom: 0;
  right: 0;
  min-height: 9.6rem;
  min-width: 21rem;
  max-width: 36rem;
  background: url(SpeechBubbleArtwork) no-repeat;
  background-size: 100% 100%;
  -webkit-transform-origin: 50% 100%;
  -ms-transform-origin: 50% 100%;
  transform-origin: 50% 100%;
}

@media (max-width:26.25em) {
  .c0 {
    max-width: 100%;
  }
}

<Wrapper
  history={
    Object {
      "action": "POP",
      "block": [Function],
      "canGo": [Function],
      "createHref": [Function],
      "entries": Array [
        Object {
          "hash": "",
          "key": "utwyk7",
          "pathname": "/frontend",
          "search": "",
        },
      ],
      "go": [Function],
      "goBack": [Function],
      "goForward": [Function],
      "index": 0,
      "length": 1,
      "listen": [Function],
      "location": Object {
        "hash": "",
        "key": "utwyk7",
        "pathname": "/frontend",
        "search": "",
      },
      "push": [Function],
      "replace": [Function],
    }
  }
  match={
    Object {
      "isExact": false,
      "params": Object {},
      "path": "/",
      "url": "/",
    }
  }
>
  <section
    className="c0"
    style={
      Object {
        "opacity": 0,
        "transform": "perspective(600px) rotateX(45deg) translateY(-20px) scale(0.8)",
      }
    }
  >
    <Quote
      error={true}
    >
      <strong>
        4o4 Error
      </strong>
       – The blockchain distributed ledger failed to achieve quorum with deep learning neural network of your pseudo-generated Turning complaisant daily message.
    </Quote>
    <BubbleTail
      variant="thought"
    />
  </section>
</Wrapper>
`;
