// Jest Snapshot v1, https://goo.gl/fbAQLP

exports[`COMPONENT - QuoteBubble renders correctly 1`] = `
.c0 {
  position: absolute;
  bottom: 0;
  right: 0;
  min-height: 9.6rem;
  min-width: 21rem;
  max-width: 36rem;
  background: url(SpeechBubbleArtwork) no-repeat;
  background-size: 100% 100%;
  -webkit-transform-origin: 50% 100%;
  -ms-transform-origin: 50% 100%;
  transform-origin: 50% 100%;
}

@media (max-width:26.25em) {
  .c0 {
    max-width: 100%;
    bottom: 2.5rem;
  }
}

<Wrapper>
  <section
    className="c0"
    default={true}
    style={
      Object {
        "opacity": 0,
        "transform": "perspective(600px) rotateX(45deg) translateY(-20px) scale(0.8)",
      }
    }
  >
    <Quote
      default={true}
    >
      
    </Quote>
    <BubbleTail
      variant="thought"
    />
  </section>
</Wrapper>
`;
