// Jest Snapshot v1, https://goo.gl/fbAQLP

exports[`COMPONENT - RouteTransitionAnimation renders correctly when "isAnimating" is  "true" 1`] = `
Array [
  .c0 {
  width: 100%;
  height: 160vh;
  background-color: #ffffff;
  left: 0;
  top: 6rem;
  position: absolute;
  z-index: 8000;
  opacity: 1;
  -webkit-transform: scaleY(0) translateY(0);
  -ms-transform: scaleY(0) translateY(0);
  transform: scaleY(0) translateY(0);
  -webkit-transform-origin: 0 0;
  -ms-transform-origin: 0 0;
  transform-origin: 0 0;
}

<div
    className="c0"
    style={
      Object {
        "transform": "scaleY(0)",
      }
    }
  />,
  .c0 {
  width: 100%;
  height: 0;
  left: 0;
  top: 6rem;
  position: absolute;
  z-index: 8002;
  -webkit-transform: translateY(0);
  -ms-transform: translateY(0);
  transform: translateY(0);
}

<div
    className="c0"
    style={
      Object {
        "backgroundColor": "rgba(255, 255, 255, 1)",
        "height": "0%",
        "transform": "translateY(0vh)",
      }
    }
  />,
  .c0 {
  width: 100%;
  height: 160vh;
  background-color: #ffffff;
  left: 0;
  top: 6rem;
  position: absolute;
  z-index: 8000;
  opacity: 1;
  -webkit-transform: scaleY(0) translateY(0);
  -ms-transform: scaleY(0) translateY(0);
  transform: scaleY(0) translateY(0);
  -webkit-transform-origin: 0 0;
  -ms-transform-origin: 0 0;
  transform-origin: 0 0;
  z-index: 8001;
  -webkit-transform-origin: 100% 100%;
  -ms-transform-origin: 100% 100%;
  transform-origin: 100% 100%;
}

<div
    className="c0"
    style={
      Object {
        "backgroundColor": "rgba(255, 255, 255, 1)",
        "opacity": 1,
        "transform": "scaleY(0) translateY(50%)",
      }
    }
  />,
]
`;
