// Jest Snapshot v1, https://goo.gl/fbAQLP

exports[`COMPONENT - Characters Fox Wrapper renders correctly 1`] = `
.c0 {
  padding: 0;
  padding-bottom: 3rem;
  position: relative;
  padding-top: 3rem;
  display: -webkit-box;
  display: -webkit-flex;
  display: -ms-flexbox;
  display: flex;
}

@media (max-width:31.25em) {
  .c0 {
    padding-bottom: 0;
  }
}

<div
  className="c0"
/>
`;
