// Jest Snapshot v1, https://goo.gl/fbAQLP

exports[`COMPONENT - RoleButtons BackEndButton renders correctly 1`] = `
.c1 {
  position: relative;
  display: -webkit-box;
  display: -webkit-flex;
  display: -ms-flexbox;
  display: flex;
  -webkit-align-items: center;
  -webkit-box-align: center;
  -ms-flex-align: center;
  align-items: center;
  -webkit-text-decoration: none;
  text-decoration: none;
  background-color: #21c230;
  color: #ffffff;
  padding: 0 2rem;
  margin: 2rem 0;
  border: 0;
  border-bottom: 0.3rem solid #138a1e;
  border-radius: 0.6rem;
  font-size: 1.8rem;
  font-weight: 700;
  text-align: left;
  width: 100%;
  height: 5rem;
}

.c1:not(:disabled) {
  cursor: pointer;
}

.c2 {
  position: absolute;
  right: 1.4rem;
  bottom: 1.4rem;
}

.c0 {
  background-color: #923be3;
  border-bottom-color: #6926a6;
}

<Link
  className="c0 c1"
  onClick={[Function]}
  onMouseDown={[Function]}
  onMouseUp={[Function]}
  style={
    Object {
      "borderBottomWidth": 3,
    }
  }
  to="/backend"
>
  Back End
  <span
    className="c2"
  >
    <LongArrow />
  </span>
</Link>
`;
