// Jest Snapshot v1, https://goo.gl/fbAQLP

exports[`COMPONENT - RoleButtons BackEndButton renders correctly 1`] = `
.c0 {
  background-color: #923be3;
  border-bottom-color: #6926a6;
}

<RedirectButton
  className="c0"
  data-testid="backend-button"
  to="backend"
>
  Back End Developer
</RedirectButton>
`;
