// Jest Snapshot v1, https://goo.gl/fbAQLP

exports[`COMPONENT - RoleButtons DevOpsButton renders correctly 1`] = `
.c0 {
  background-color: #2784e6;
  border-bottom-color: #1558a1;
}

<RedirectButton
  className="c0"
  data-testid="devops-button"
  to="devops"
>
  Dev Ops Engineer
</RedirectButton>
`;
