// Jest Snapshot v1, https://goo.gl/fbAQLP

exports[`COMPONENT - RoleButtons FrontEndButton renders correctly 1`] = `
.c0 {
  background-color: #f5ca1d;
  border-bottom-color: #d18b13;
}

<RedirectButton
  className="c0"
  data-testid="frontend-button"
  to="frontend"
>
  Front End Developer
</RedirectButton>
`;
