// Jest Snapshot v1, https://goo.gl/fbAQLP

exports[`COMPONENT - DevOpsRolePage renders correctly for /devops path 1`] = `
<Page
  title="Dev Ops Engineer"
>
  <RoleBar
    label="Dev Ops Engineer"
  />
  <Section>
    <RoleContent>
      <QuoteBubble />
      <Character>
        <Whale />
      </Character>
    </RoleContent>
  </Section>
  <ActionButtons
    role="devops"
  />
</Page>
`;

exports[`COMPONENT - DevOpsRolePage renders correctly for /devops/brag path 1`] = `
<Page
  title="Dev Ops Engineer"
>
  <RoleBar
    label="Dev Ops Engineer"
  />
  <Section>
    <RoleContent>
      <QuoteBubble />
      <Character>
        <Whale />
      </Character>
    </RoleContent>
  </Section>
  <ActionButtons
    role="devops"
  />
</Page>
`;

exports[`COMPONENT - DevOpsRolePage renders correctly for /devops/confess path 1`] = `
<Page
  title="Dev Ops Engineer"
>
  <RoleBar
    label="Dev Ops Engineer"
  />
  <Section>
    <RoleContent>
      <QuoteBubble />
      <Character>
        <Whale />
      </Character>
    </RoleContent>
  </Section>
  <ActionButtons
    role="devops"
  />
</Page>
`;
