// Jest Snapshot v1, https://goo.gl/fbAQLP

exports[`COMPONENT - BragButton renders correctly 1`] = `
.c1 {
  position: relative;
  background: #222222;
  color: #ffffff;
  display: block;
  font-size: 1.8rem;
  font-weight: 700;
  padding: 0.8rem;
  border-radius: 0.4rem;
  text-align: left;
  width: 100%;
  margin: 1.6rem auto;
  box-shadow: 0 0.5rem 0.4rem -0.4rem #222222;
}

.c1:not(:disabled) {
  cursor: pointer;
}

.c1 svg {
  position: absolute;
  right: 0;
  bottom: -1rem;
}

.c0 {
  background: #21c230;
}

<button
  className="c0 c1"
>
  Brag about my achievements
  <Lightbulb />
</button>
`;
