// Jest Snapshot v1, https://goo.gl/fbAQLP

exports[`COMPONENT - BragButton renders correctly 1`] = `
.c1 {
  border: 0;
  background: none;
  display: -webkit-box;
  display: -webkit-flex;
  display: -ms-flexbox;
  display: flex;
  -webkit-align-items: center;
  -webkit-box-align: center;
  -ms-flex-align: center;
  align-items: center;
  -webkit-box-pack: center;
  -webkit-justify-content: center;
  -ms-flex-pack: center;
  justify-content: center;
  min-width: 4rem;
  min-height: 4rem;
  cursor: pointer;
  outline: 0;
  position: relative;
  display: -webkit-box;
  display: -webkit-flex;
  display: -ms-flexbox;
  display: flex;
  -webkit-align-items: center;
  -webkit-box-align: center;
  -ms-flex-align: center;
  align-items: center;
  -webkit-box-pack: justify;
  -webkit-justify-content: space-between;
  -ms-flex-pack: justify;
  justify-content: space-between;
  background-color: #21c230;
  color: #ffffff;
  width: 100%;
  height: 4.7rem;
  margin: 2rem 0;
  padding: 0 2rem;
  border: 0;
  border-bottom: 0.3rem solid #138a1e;
  border-radius: 0.6rem;
  font-size: 1.8rem;
  font-weight: 700;
  text-align: left;
}

.c1 svg {
  display: block;
}

.c1:not(:disabled) {
  cursor: pointer;
}

.c2 {
  position: absolute;
  right: 0;
  bottom: -1rem;
}

.c0 {
  background: #21c230;
}

<button
  className="c0 c1"
>
  Brag about my efforts
  <div
    className="c2"
  >
    <Lightbulb />
  </div>
</button>
`;
