// Jest Snapshot v1, https://goo.gl/fbAQLP

exports[`COMPONENT - SidePanel renders correctly 1`] = `
Array [
  .c0 {
  height: 100%;
  width: 100%;
  position: fixed;
  top: 0;
  right: 0;
  background-color: #222222;
  z-index: 8000;
}

<div
    className="c0"
    style={
      Object {
        "opacity": 0,
      }
    }
  />,
  .c1 {
  height: 6rem;
  width: 100%;
  display: -webkit-box;
  display: -webkit-flex;
  display: -ms-flexbox;
  display: flex;
  -webkit-box-pack: justify;
  -webkit-justify-content: space-between;
  -ms-flex-pack: justify;
  justify-content: space-between;
  -webkit-align-items: center;
  -webkit-box-align: center;
  -ms-flex-align: center;
  align-items: center;
  padding: 0 1rem 0 2rem;
}

.c2 {
  border: 0;
  margin: 0;
  padding: 0;
  background: none;
  display: -webkit-box;
  display: -webkit-flex;
  display: -ms-flexbox;
  display: flex;
  -webkit-align-items: center;
  -webkit-box-align: center;
  -ms-flex-align: center;
  align-items: center;
  -webkit-box-pack: center;
  -webkit-justify-content: center;
  -ms-flex-pack: center;
  justify-content: center;
  min-width: 4rem;
  min-height: 4rem;
  cursor: pointer;
}

.c0 {
  height: 100%;
  width: 26rem;
  position: fixed;
  top: 0;
  right: 0;
  background-color: #ffffff;
  z-index: 9000;
}

<section
    className="c0"
    style={
      Object {
        "transform": "translateX(26rem)",
      }
    }
  >
    <header
      className="c1"
    >
      <button
        aria-label="Close"
        className="c2"
        onClick={[MockFunction]}
      >
        <Cross />
      </button>
    </header>
  </section>,
]
`;
