// Jest Snapshot v1, https://goo.gl/fbAQLP

exports[`COMPONENT - Characters Robot renders correctly 1`] = `
.c0 {
  position: relative;
  height: 24.4rem;
  width: 14.8rem;
}

<div
  className="c0"
>
  <Head
    pose="default"
  />
  <Neck />
  <Chest />
  <RightArm />
  <LeftArm />
  <RightLeg />
  <LeftLeg />
  <Shadow />
</div>
`;
