// Jest Snapshot v1, https://goo.gl/fbAQLP

exports[`COMPONENT - Characters Robot renders confusion marks if robot is in default pose 1`] = `
.c0 {
  padding: 0;
  padding-bottom: 3rem;
  position: relative;
  padding-top: 0.4rem;
}

@media (max-width:31.25em) {
  .c0 {
    padding-bottom: 0;
  }
}

<div
  className="c0"
>
  <RobotArtwork
    pose="default"
  />
  <ConfusionMarks />
</div>
`;

exports[`COMPONENT - Characters Robot renders correctly with default props 1`] = `
.c0 {
  padding: 0;
  padding-bottom: 3rem;
  position: relative;
  padding-top: 0.4rem;
}

@media (max-width:31.25em) {
  .c0 {
    padding-bottom: 0;
  }
}

<div
  className="c0"
>
  <RobotArtwork
    pose="default"
  />
  <ConfusionMarks />
</div>
`;
