// Jest Snapshot v1, https://goo.gl/fbAQLP

exports[`COMPONENT - LandingPage Page renders correctly 1`] = `
.c1 {
  display: grid;
  grid-template-rows: auto minmax(43rem,max-content) 1fr;
  -webkit-align-content: stretch;
  -ms-flex-line-pack: stretch;
  align-content: stretch;
  height: 100%;
}

.c0 {
  grid-template-rows: minmax(48rem,max-content) 1fr;
}

@media (max-width:31.25em) {
  .c0 {
    grid-template-rows: 1fr auto;
  }
}

<article
  className="c0 c1"
>
  Taylor Swift
</article>
`;
