// Jest Snapshot v1, https://goo.gl/fbAQLP

exports[`COMPONENT - Header Wrapper renders correctly 1`] = `
.c0 {
  width: 100%;
  background: #ffffff;
  height: 6rem;
  display: -webkit-box;
  display: -webkit-flex;
  display: -ms-flexbox;
  display: flex;
  -webkit-align-items: center;
  -webkit-box-align: center;
  -ms-flex-align: center;
  align-items: center;
  padding: 0 2rem;
}

<header
  className="c0"
/>
`;
