// Jest Snapshot v1, https://goo.gl/fbAQLP

exports[`COMPONENT - FrontEndRolePage renders correctly 1`] = `
<Page
  title="Front End Engineer"
>
  <RoleBar
    label="Front End Engineer"
  />
  <Section>
    <Content
      narrow={true}
    >
      <Fox
        pose="default"
      />
      <QuoteBubble
        noCopyToClipboard={true}
        variant="thought"
      />
    </Content>
  </Section>
  <ActionButtons
    role="frontend"
  />
</Page>
`;
