// Jest Snapshot v1, https://goo.gl/fbAQLP

exports[`COMPONENT - FrontEndRolePage renders correctly 1`] = `
<Page
  title="Front End Engineer"
>
  <RoleBar
    label="Front End Engineer"
  />
  <Section>
    <RoleContent>
      <QuoteBubble />
      <Fox
        pose="default"
      />
    </RoleContent>
  </Section>
  <ActionButtons
    role="frontend"
  />
</Page>
`;
