// Jest Snapshot v1, https://goo.gl/fbAQLP

exports[`COMPONENT - FrontEndRolePage renders correctly 1`] = `
Array [
  <RoleBar
    label="Front End Engineer"
  />,
  <Page>
    <Section>
      <Content
        narrow={true}
      >
        <Fox
          pose="default"
        />
        <QuoteBubble
          noCopyToClipboard={true}
          variant="thought"
        />
      </Content>
    </Section>
    <ActionButtons
      role="frontend"
    />
  </Page>,
]
`;
