// Jest Snapshot v1, https://goo.gl/fbAQLP

exports[`COMPONENT - SettingsButton renders correctly 1`] = `
.c4 {
  visibility: hidden;
  position: absolute;
}

.c3 {
  position: relative;
  display: -webkit-box;
  display: -webkit-flex;
  display: -ms-flexbox;
  display: flex;
  -webkit-box-pack: center;
  -webkit-justify-content: center;
  -ms-flex-pack: center;
  justify-content: center;
  -webkit-align-items: center;
  -webkit-box-align: center;
  -ms-flex-align: center;
  align-items: center;
  cursor: pointer;
  height: 4rem;
  width: 100%;
  background-color: #ffffff;
  border: 2px solid;
}

.c3:first-child {
  border-radius: 0.6rem 0 0 0.6rem;
}

.c3:last-child {
  border-radius: 0 0.6rem 0.6rem 0;
}

.c2 {
  display: -webkit-box;
  display: -webkit-flex;
  display: -ms-flexbox;
  display: flex;
  -webkit-box-pack: center;
  -webkit-justify-content: center;
  -ms-flex-pack: center;
  justify-content: center;
  -webkit-align-items: center;
  -webkit-box-align: center;
  -ms-flex-align: center;
  align-items: center;
}

.c1 {
  font-weight: 700;
  margin: 0 0 1rem;
}

.c0 {
  margin: 2rem;
}

<form
  className="c0"
>
  <p
    className="c1"
  >
    Gender
  </p>
  <div
    className="c2"
  >
    <label
      checked={false}
      className="c3"
    >
      <input
        checked={false}
        className="c4"
        name="radio-button"
        onChange={[MockFunction]}
        type="radio"
        value="male"
      />
      Male
    </label>
    <label
      checked={false}
      className="c3"
    >
      <input
        checked={false}
        className="c4"
        name="radio-button"
        onChange={[MockFunction]}
        type="radio"
        value="female"
      />
      Female
    </label>
  </div>
</form>
`;
