// Jest Snapshot v1, https://goo.gl/fbAQLP

exports[`COMPONENT - RoleBar renders correctly 1`] = `
.c1 {
  font-size: 1.8rem;
  margin: 1rem 0;
  font-weight: 400;
}

.c2 {
  border: 0;
  background: none;
  display: -webkit-box;
  display: -webkit-flex;
  display: -ms-flexbox;
  display: flex;
  -webkit-align-items: center;
  -webkit-box-align: center;
  -ms-flex-align: center;
  align-items: center;
  min-width: 4rem;
  min-height: 4rem;
  cursor: pointer;
  outline: 0;
  -webkit-text-decoration: none;
  text-decoration: none;
}

.c2 svg {
  display: block;
}

.c0 {
  display: -webkit-box;
  display: -webkit-flex;
  display: -ms-flexbox;
  display: flex;
  -webkit-align-items: center;
  -webkit-box-align: center;
  -ms-flex-align: center;
  align-items: center;
  -webkit-box-pack: justify;
  -webkit-justify-content: space-between;
  -ms-flex-pack: justify;
  justify-content: space-between;
  padding: 0 2rem;
  height: 5rem;
  background-color: rgba(255,255,255,0.5);
}

<header
  className="c0"
>
  <h2
    className="c1"
  >
    I am 
    <strong>
      The FrontEnd Developer
    </strong>
  </h2>
  <button
    className="c2"
    data-testid="gear-button"
    onClick={[Function]}
  >
    <GearIcon />
  </button>
</header>
`;
