// Jest Snapshot v1, https://goo.gl/fbAQLP

exports[`COMPONENT - ActionButtons LightbulbIcon renders correctly 1`] = `
.c0 {
  width: 8.8rem;
  position: absolute;
  top: -1rem;
  right: -0.8rem;
}

@media (max-width:26.25em) {
  .c0 {
    width: 6.6rem;
    top: -1rem;
    right: 0;
  }
}

<span
  className="c0"
>
  <Lightbulb />
</span>
`;
