// Jest Snapshot v1, https://goo.gl/fbAQLP

exports[`COMPONENT - ConfessButton renders correctly 1`] = `
.c0 {
  position: relative;
  background: #eb4640;
  color: #ffffff;
  display: -webkit-box;
  display: -webkit-flex;
  display: -ms-flexbox;
  display: flex;
  -webkit-align-items: center;
  -webkit-box-align: center;
  -ms-flex-align: center;
  align-items: center;
  padding: 0 2rem;
  margin: 2rem 0;
  border: 0;
  border-bottom: 0.3rem solid #a32f2a;
  border-radius: 0.6rem;
  font-size: 1.8rem;
  font-weight: 700;
  text-align: left;
  -webkit-text-decoration: none;
  text-decoration: none;
  width: 100%;
  height: 4.7rem;
}

.c0:not(:disabled) {
  cursor: pointer;
}

.c1 {
  position: absolute;
  right: 0.4rem;
  bottom: -0.9rem;
}

<Link
  className="c0"
  to="/"
  variant={
    Object {
      "backgroundColor": "#eb4640",
      "borderBottomColor": "#a32f2a",
    }
  }
>
  Confess my mistake
  <div
    className="c1"
  >
    <SaltGrinder />
  </div>
</Link>
`;
