// Jest Snapshot v1, https://goo.gl/fbAQLP

exports[`COMPONENT - ConfessButton renders correctly 1`] = `
.c1 {
  position: relative;
  background: #21c230;
  color: #ffffff;
  display: -webkit-box;
  display: -webkit-flex;
  display: -ms-flexbox;
  display: flex;
  -webkit-align-items: center;
  -webkit-box-align: center;
  -ms-flex-align: center;
  align-items: center;
  padding: 0 2rem;
  margin: 2rem 0;
  border: 0;
  border-bottom: 0.3rem solid #138a1e;
  border-radius: 0.6rem;
  font-size: 1.8rem;
  font-weight: 700;
  text-align: left;
  -webkit-text-decoration: none;
  text-decoration: none;
  width: 100%;
  height: 4.7rem;
}

.c1:not(:disabled) {
  cursor: pointer;
}

.c2 {
  position: absolute;
  right: 0.4rem;
  bottom: -0.9rem;
}

.c0 {
  background: #eb4640;
  border-bottom-color: #a32f2a;
}

<Link
  className="c0 c1"
  to="/"
>
  Confess my mistake
  <div
    className="c2"
  >
    <SaltGrinder />
  </div>
</Link>
`;
