// Jest Snapshot v1, https://goo.gl/fbAQLP

exports[`COMPONENT - AppBar Wrapper renders correctly 1`] = `
.c0 {
  width: 100%;
  background: #ffffff;
  height: 6rem;
  display: -webkit-box;
  display: -webkit-flex;
  display: -ms-flexbox;
  display: flex;
  -webkit-align-items: center;
  -webkit-box-align: center;
  -ms-flex-align: center;
  align-items: center;
  -webkit-box-pack: center;
  -webkit-justify-content: center;
  -ms-flex-pack: center;
  justify-content: center;
  padding: 0 2rem;
}

@media (max-width:26.25em) {
  .c0 {
    -webkit-box-pack: start;
    -webkit-justify-content: flex-start;
    -ms-flex-pack: start;
    justify-content: flex-start;
  }
}

<header
  className="c0"
/>
`;
