// Jest Snapshot v1, https://goo.gl/fbAQLP

exports[`COMPONENT - RedirectButton renders correctly 1`] = `
.c0 {
  position: relative;
  display: -webkit-box;
  display: -webkit-flex;
  display: -ms-flexbox;
  display: flex;
  -webkit-align-items: center;
  -webkit-box-align: center;
  -ms-flex-align: center;
  align-items: center;
  -webkit-text-decoration: none;
  text-decoration: none;
  background-color: #21c230;
  color: #ffffff;
  padding: 0 2rem;
  margin: 2rem 0;
  border: 0;
  border-bottom: 0.3rem solid #138a1e;
  border-radius: 0.6rem;
  font-size: 1.8rem;
  font-weight: 700;
  text-align: left;
  width: 100%;
  height: 7rem;
}

.c0:not(:disabled) {
  cursor: pointer;
}

.c1 {
  max-width: 14rem;
}

.c2 {
  position: absolute;
  right: 1.4rem;
  bottom: 2.4rem;
}

@media (max-width:26.25em) {
  .c0 {
    height: 5rem;
  }
}

@media (max-width:26.25em) {
  .c1 {
    max-width: inherit;
  }
}

@media (max-width:26.25em) {
  .c2 {
    bottom: 1.4rem;
  }
}

<Link
  className="c0"
  onClick={[Function]}
  onPointerDown={[Function]}
  onPointerUp={[Function]}
  style={
    Object {
      "borderBottomWidth": 3,
    }
  }
  to="/taylorswift"
>
  <span
    className="c1"
  >
    Taylor Swift
    <span
      className="c2"
    >
      <LongArrow />
    </span>
  </span>
</Link>
`;
