// Jest Snapshot v1, https://goo.gl/fbAQLP

exports[`COMPONENT - Page Wrapper renders correctly 1`] = `
.c0 {
  display: grid;
  grid-template-rows: auto minmax(43rem,max-content) 1fr;
  -webkit-align-content: stretch;
  -ms-flex-line-pack: stretch;
  align-content: stretch;
  height: 100%;
}

@media (max-width:31.25em) {
  .c0 {
    grid-template-rows: auto 1fr auto;
  }
}

<article
  className="c0"
/>
`;
