// Jest Snapshot v1, https://goo.gl/fbAQLP

exports[`COMPONENT - Page Wrapper renders correctly 1`] = `
.c0 {
  display: grid;
  grid-template-rows: auto minmax(41rem,max-content) 1fr;
  -webkit-align-content: stretch;
  -ms-flex-line-pack: stretch;
  align-content: stretch;
  height: 100%;
}

<article
  className="c0"
/>
`;
