// Jest Snapshot v1, https://goo.gl/fbAQLP

exports[`COMPONENT - Footer Link renders correctly 1`] = `
.c0 {
  display: -webkit-box;
  display: -webkit-flex;
  display: -ms-flexbox;
  display: flex;
  height: 3.6rem;
  white-space: nowrap;
  -webkit-align-items: center;
  -webkit-box-align: center;
  -ms-flex-align: center;
  align-items: center;
  -webkit-text-decoration: none;
  text-decoration: none;
  font-size: 1.4rem;
  font-weight: 400;
  color: rgba(34,34,34,0.4);
  margin: 0 0.4rem;
  cursor: pointer;
  font-weight: 700;
  background-image: linear-gradient(180deg,undefined 50%,transparent 0);
  background-repeat: repeat-x;
  background-size: 2px 0.2rem;
  background-position: 0 2.5rem;
}

@media (max-width:31.25em) {
  .c0 {
    color: rgba(34,34,34,0.4);
    background-image: linear-gradient(180deg,rgba(34,34,34,0.4) 50%,transparent 0);
  }
}

<a
  className="c0"
  target="_blank"
/>
`;
