// Jest Snapshot v1, https://goo.gl/fbAQLP

exports[`COMPONENT - Footer Link renders correctly 1`] = `
.c0 {
  height: 3.6rem;
  min-width: 6rem;
  margin: 4px;
  cursor: pointer;
  white-space: nowrap;
  -webkit-box-pack: center;
  -webkit-justify-content: center;
  -ms-flex-pack: center;
  justify-content: center;
  -webkit-text-decoration: none;
  text-decoration: none;
  font-size: 1.4rem;
  font-weight: 500;
  color: #222222;
  opacity: 0.3;
  background-repeat: repeat-x;
  background-size: 2px 0.2rem;
  background-position: 0 1.5rem;
}

.c0 svg {
  display: inline-block;
  margin: 0 0.4rem;
}

@media (max-width:31.25em) {
  .c0 {
    color: #222222;
    opacity: 0.3;
    background-image: none;
    font-weight: 700;
  }
}

<a
  className="c0"
  target="_blank"
/>
`;
