// Jest Snapshot v1, https://goo.gl/fbAQLP

exports[`COMPONENT - Footer Link renders correctly 1`] = `
.c0 {
  height: 100%;
  min-width: 6rem;
  font-size: 1.4rem;
  color: #222222;
  opacity: 0.4;
  display: -webkit-box;
  display: -webkit-flex;
  display: -ms-flexbox;
  display: flex;
  -webkit-align-items: center;
  -webkit-box-align: center;
  -ms-flex-align: center;
  align-items: center;
  -webkit-box-pack: center;
  -webkit-justify-content: center;
  -ms-flex-pack: center;
  justify-content: center;
  cursor: pointer;
  -webkit-text-decoration: none;
  text-decoration: none;
  white-space: nowrap;
}

.c0 svg {
  display: inline-block;
  margin: 0 0.4rem;
}

<a
  className="c0"
  target="_blank"
/>
`;
