// Jest Snapshot v1, https://goo.gl/fbAQLP

exports[`COMPONENT - App renders correctly default route 1`] = `
.c0 {
  min-height: 100%;
  display: grid;
  grid-template-rows: auto 1fr auto;
  background-color: #80cbd6;
}

.c1 {
  position: relative;
  padding: 2rem;
}

.c2 {
  font-size: 2.4rem;
  margin: 0;
  margin-bottom: 1rem;
}

.c3 {
  font-size: 1.8rem;
  margin: 1rem 0;
  font-weight: 400;
}

<div
  className="c0"
>
  <AppBar />
  <main>
    <article>
      <section
        className="c1"
      >
        <h1
          className="c2"
        >
          Don't know what to say?
        </h1>
        <h2
          className="c3"
        >
          Worry not! Find your perfect scenario for incoming daily.
        </h2>
        <SugarCat />
      </section>
      <section
        className="c1"
      >
        <h2
          className="c3"
        >
          Pick your role!
        </h2>
        <nav>
          <RoleButton
            variant="frontend"
          />
          <RoleButton
            variant="backend"
          />
          <RoleButton
            variant="devops"
          />
        </nav>
      </section>
    </article>
  </main>
  <Footer />
</div>
`;
