// Jest Snapshot v1, https://goo.gl/fbAQLP

exports[`COMPONENT - App renders correctly default route 1`] = `
.c0 {
  min-height: 100%;
  display: grid;
  grid-template-rows: auto 1fr auto;
  background-color: #80cbd6;
}

<div
  className="c0"
>
  <Header />
  <main>
    <section>
      <h1>
        Daily Routine
      </h1>
    </section>
  </main>
  <Footer />
</div>
`;
